<html>
<body>
<pre>
<h1>µVision Build Log</h1>
<h2>Tool Versions:</h2>
IDE-Version: µVision V5.38.0.0
Copyright (C) 2022 ARM Ltd and ARM Germany GmbH. All rights reserved.
License Information: Abdelrahman Mohamed, Personal, LIC=----
 
Tool Versions:
Toolchain:       MDK-Lite  Version: 5.38.0.0
Toolchain Path:  C:\Keil_v5\ARM\ARMCLANG\Bin
C Compiler:      ArmClang.exe V6.19
Assembler:       Armasm.exe V6.19
Linker/Locator:  ArmLink.exe V6.19
Library Manager: ArmAr.exe V6.19
Hex Converter:   FromElf.exe V6.19
CPU DLL:         SARMCM3.DLL V5.38.0.0
Dialog DLL:      DCM.DLL V1.17.5.0
Target DLL:      UL2CM3.DLL V1.164.8.0
Dialog DLL:      TCM.DLL V1.56.4.0
 
<h2>Project:</h2>
C:\Users\Mariam PC\Desktop\Udacity advanced Embedded systems track\First Project\LED_Control.uvprojx
Project File Date:  01/21/2023

<h2>Output:</h2>
*** Using Compiler 'V6.19', folder: 'C:\Keil_v5\ARM\ARMCLANG\Bin'
Rebuild target 'COTS Folder'
GPIO.c(14): warning: In file included from...
./GPIO.h(16): warning: In file included from...
./Register_Map.h(19): warning: In file included from...
./CONFIGURATIONS.h(77): warning: no newline at end of file [-Wnewline-eof]
 
 ^
GPIO.c(74): warning: unused parameter 'ui32Port' [-Wunused-parameter]
 void   GPIOPadConfigGet (uint32 ui32Port, uint8 ui8Pin, uint32 *pui32Strength, uint32 *pui32PinType){
                                 ^
GPIO.c(74): warning: unused parameter 'ui8Pin' [-Wunused-parameter]
 void   GPIOPadConfigGet (uint32 ui32Port, uint8 ui8Pin, uint32 *pui32Strength, uint32 *pui32PinType){
                                                 ^
GPIO.c(74): warning: unused parameter 'pui32Strength' [-Wunused-parameter]
 void   GPIOPadConfigGet (uint32 ui32Port, uint8 ui8Pin, uint32 *pui32Strength, uint32 *pui32PinType){
                                                                 ^
GPIO.c(74): warning: unused parameter 'pui32PinType' [-Wunused-parameter]
 void   GPIOPadConfigGet (uint32 ui32Port, uint8 ui8Pin, uint32 *pui32Strength, uint32 *pui32PinType){
                                                                                        ^
GPIO.c(95): warning: unused parameter 'ui32Port' [-Wunused-parameter]
 uint32         GPIOIntStatus (uint32 ui32Port, boolean bMasked){
                                      ^
GPIO.c(95): warning: unused parameter 'bMasked' [-Wunused-parameter]
 uint32         GPIOIntStatus (uint32 ui32Port, boolean bMasked){
                                                        ^
GPIO.c(103): warning: unused parameter 'ui32Port' [-Wunused-parameter]
 void   GPIOIntClear (uint32 ui32Port, uint32 ui32IntFlags){
                             ^
GPIO.c(103): warning: unused parameter 'ui32IntFlags' [-Wunused-parameter]
 void   GPIOIntClear (uint32 ui32Port, uint32 ui32IntFlags){
                                              ^
GPIO.c(110): warning: unused parameter 'ui32Port' [-Wunused-parameter]
 void   GPIOIntRegister (uint32 ui32Port, void(*pfnIntHandler)(void)){
                                ^
GPIO.c(110): warning: unused parameter 'pfnIntHandler' [-Wunused-parameter]
 void   GPIOIntRegister (uint32 ui32Port, void(*pfnIntHandler)(void)){
                                                ^
GPIO.c(117): warning: unused parameter 'ui32Port' [-Wunused-parameter]
 void   GPIOIntUnregister (uint32 ui32Port){
                                  ^
GPIO.c(124): warning: unused parameter 'ui32Port' [-Wunused-parameter]
 void   GPIOIntRegisterPin (uint32 ui32Port, uint32 ui32Pin, void(*pfnIntHandler)(void)){
                                   ^
GPIO.c(124): warning: unused parameter 'ui32Pin' [-Wunused-parameter]
 void   GPIOIntRegisterPin (uint32 ui32Port, uint32 ui32Pin, void(*pfnIntHandler)(void)){
                                                    ^
GPIO.c(124): warning: unused parameter 'pfnIntHandler' [-Wunused-parameter]
 void   GPIOIntRegisterPin (uint32 ui32Port, uint32 ui32Pin, void(*pfnIntHandler)(void)){
                                                                   ^
GPIO.c(131): warning: unused parameter 'ui32Port' [-Wunused-parameter]
 void   GPIOIntUnregisterPin (uint32 ui32Port, uint32 ui32Pin){
                                     ^
GPIO.c(131): warning: unused parameter 'ui32Pin' [-Wunused-parameter]
 void   GPIOIntUnregisterPin (uint32 ui32Port, uint32 ui32Pin){
                                                      ^
17 warnings generated.
compiling GPIO.c...
app.c(4): warning: In file included from...
./CONFIGURATIONS.h(1): warning: In file included from...
./Register_Map.h(19): warning: In file included from...
./CONFIGURATIONS.h(77): warning: no newline at end of file [-Wnewline-eof]
 
 ^
app.c(4): warning: In file included from...
./CONFIGURATIONS.h(77): warning: no newline at end of file [-Wnewline-eof]
 
 ^
app.c(17): warning: no previous extern declaration for non-static variable 'ONTIME' [-Wmissing-variable-declarations]
uint32 ONTIME  = 0;
       ^
app.c(17): note: declare 'static' if the variable is not intended to be used outside of this translation unit
uint32 ONTIME  = 0;
^
app.c(18): warning: no previous extern declaration for non-static variable 'OFFTIME' [-Wmissing-variable-declarations]
uint32 OFFTIME = 0;
       ^
app.c(18): note: declare 'static' if the variable is not intended to be used outside of this translation unit
uint32 OFFTIME = 0;
^
app.c(19): warning: no previous extern declaration for non-static variable 'TICKS' [-Wmissing-variable-declarations]
uint32 TICKS   = 0;
       ^
app.c(19): note: declare 'static' if the variable is not intended to be used outside of this translation unit
uint32 TICKS   = 0;
^
app.c(7): warning: In file included from...
./LED.h(27): warning: padding struct 'LED_Config' with 3 bytes to align 'ui32Strength' [-Wpadded]
        uint32 ui32Strength; 
               ^
6 warnings generated.
compiling app.c...
SystickTimer.c(14): warning: In file included from...
./Register_Map.h(19): warning: In file included from...
./CONFIGURATIONS.h(77): warning: no newline at end of file [-Wnewline-eof]
 
 ^
SystickTimer.c(19): warning: no previous extern declaration for non-static variable 'SYSTICK_CALL_BACK_PTR' [-Wmissing-variable-declarations]
CB_type SYSTICK_CALL_BACK_PTR = NULL_PTR;
        ^
SystickTimer.c(19): note: declare 'static' if the variable is not intended to be used outside of this translation unit
CB_type SYSTICK_CALL_BACK_PTR = NULL_PTR;
^
2 warnings generated.
compiling SystickTimer.c...
Interrupt.c(14): warning: In file included from...
./Register_Map.h(19): warning: In file included from...
./CONFIGURATIONS.h(77): warning: no newline at end of file [-Wnewline-eof]
 
 ^
Interrupt.c(81): warning: unused parameter 'ui32Bits' [-Wunused-parameter]
void IntPriorityGroupingSet (uint32 ui32Bits){
                                    ^
Interrupt.c(92): warning: non-void function does not return a value [-Wreturn-type]
}
^
Interrupt.c(99): warning: unused parameter 'ui32Interrupt' [-Wunused-parameter]
void IntPrioritySet (uint32 ui32Interrupt, uint8 ui8Priority){
                            ^
Interrupt.c(99): warning: unused parameter 'ui8Priority' [-Wunused-parameter]
void IntPrioritySet (uint32 ui32Interrupt, uint8 ui8Priority){
                                                 ^
Interrupt.c(108): warning: unused parameter 'ui32Interrupt' [-Wunused-parameter]
sint32 IntPriorityGet (uint32 ui32Interrupt){
                              ^
Interrupt.c(229): warning: unused parameter 'ui32Interrupt' [-Wunused-parameter]
uint32 IntIsEnabled (uint32 ui32Interrupt){
                            ^
Interrupt.c(239): warning: unused parameter 'ui32Interrupt' [-Wunused-parameter]
void    IntPendSet (uint32 ui32Interrupt){
                           ^
Interrupt.c(248): warning: unused parameter 'ui32Interrupt' [-Wunused-parameter]
void IntPendClear (uint32 ui32Interrupt){
                          ^
Interrupt.c(261): warning: unused parameter 'ui32PriorityMask' [-Wunused-parameter]
void IntPriorityMaskSet (uint32 ui32PriorityMask){
                                ^
Interrupt.c(290): warning: unused parameter 'ui32Interrupt' [-Wunused-parameter]
void IntTrigger (uint32 ui32Interrupt){
                        ^
11 warnings generated.
compiling Interrupt.c...
LED.c(1): warning: In file included from...
./LED.h(18): warning: In file included from...
./Register_Map.h(19): warning: In file included from...
./CONFIGURATIONS.h(77): warning: no newline at end of file [-Wnewline-eof]
 
 ^
LED.c(5): warning: no previous extern declaration for non-static variable 'LED1' [-Wmissing-variable-declarations]
LED_Config LED1 = {LED_PORT,LED_Pin,LED_Strength,LED_Type};
           ^
LED.c(5): note: declare 'static' if the variable is not intended to be used outside of this translation unit
LED_Config LED1 = {LED_PORT,LED_Pin,LED_Strength,LED_Type};
^
LED.c(1): warning: In file included from...
./LED.h(27): warning: padding struct 'LED_Config' with 3 bytes to align 'ui32Strength' [-Wpadded]
        uint32 ui32Strength; 
               ^
3 warnings generated.
compiling LED.c...
RTE/Device/TM4C123GH6PM/system_TM4C123.c(13): warning: In file included from...
C:/Users/Mariam PC/AppData/Local/Arm/Packs/Keil/TM4C_DFP/1.1.0/Device/Include/TM4C123\TM4C123.h(98): warning: In file included from...
C:/Users/Mariam PC/AppData/Local/Arm/Packs/Keil/TM4C_DFP/1.1.0/Device/Include/TM4C123/TM4C123GH6PM.h(298): warning: anonymous unions are a C11 extension [-Wc11-extensions]
  union {
  ^
C:/Users/Mariam PC/AppData/Local/Arm/Packs/Keil/TM4C_DFP/1.1.0/Device/Include/TM4C123/TM4C123GH6PM.h(338): warning: anonymous unions are a C11 extension [-Wc11-extensions]
  union {
  ^
C:/Users/Mariam PC/AppData/Local/Arm/Packs/Keil/TM4C_DFP/1.1.0/Device/Include/TM4C123/TM4C123GH6PM.h(357): warning: anonymous unions are a C11 extension [-Wc11-extensions]
  union {
  ^
C:/Users/Mariam PC/AppData/Local/Arm/Packs/Keil/TM4C_DFP/1.1.0/Device/Include/TM4C123/TM4C123GH6PM.h(713): warning: anonymous unions are a C11 extension [-Wc11-extensions]
  union {
  ^
C:/Users/Mariam PC/AppData/Local/Arm/Packs/Keil/TM4C_DFP/1.1.0/Device/Include/TM4C123/TM4C123GH6PM.h(729): warning: anonymous unions are a C11 extension [-Wc11-extensions]
  union {
  ^
C:/Users/Mariam PC/AppData/Local/Arm/Packs/Keil/TM4C_DFP/1.1.0/Device/Include/TM4C123/TM4C123GH6PM.h(774): warning: anonymous unions are a C11 extension [-Wc11-extensions]
  union {
  ^
C:/Users/Mariam PC/AppData/Local/Arm/Packs/Keil/TM4C_DFP/1.1.0/Device/Include/TM4C123/TM4C123GH6PM.h(779): warning: anonymous unions are a C11 extension [-Wc11-extensions]
  union {
  ^
C:/Users/Mariam PC/AppData/Local/Arm/Packs/Keil/TM4C_DFP/1.1.0/Device/Include/TM4C123/TM4C123GH6PM.h(872): warning: anonymous unions are a C11 extension [-Wc11-extensions]
  union {
  ^
C:/Users/Mariam PC/AppData/Local/Arm/Packs/Keil/TM4C_DFP/1.1.0/Device/Include/TM4C123/TM4C123GH6PM.h(885): warning: anonymous unions are a C11 extension [-Wc11-extensions]
  union {
  ^
C:/Users/Mariam PC/AppData/Local/Arm/Packs/Keil/TM4C_DFP/1.1.0/Device/Include/TM4C123/TM4C123GH6PM.h(892): warning: anonymous unions are a C11 extension [-Wc11-extensions]
  union {
  ^
C:/Users/Mariam PC/AppData/Local/Arm/Packs/Keil/TM4C_DFP/1.1.0/Device/Include/TM4C123/TM4C123GH6PM.h(897): warning: anonymous unions are a C11 extension [-Wc11-extensions]
  union {
  ^
C:/Users/Mariam PC/AppData/Local/Arm/Packs/Keil/TM4C_DFP/1.1.0/Device/Include/TM4C123/TM4C123GH6PM.h(904): warning: anonymous unions are a C11 extension [-Wc11-extensions]
  union {
  ^
C:/Users/Mariam PC/AppData/Local/Arm/Packs/Keil/TM4C_DFP/1.1.0/Device/Include/TM4C123/TM4C123GH6PM.h(910): warning: anonymous unions are a C11 extension [-Wc11-extensions]
  union {
  ^
C:/Users/Mariam PC/AppData/Local/Arm/Packs/Keil/TM4C_DFP/1.1.0/Device/Include/TM4C123/TM4C123GH6PM.h(917): warning: anonymous unions are a C11 extension [-Wc11-extensions]
  union {
  ^
C:/Users/Mariam PC/AppData/Local/Arm/Packs/Keil/TM4C_DFP/1.1.0/Device/Include/TM4C123/TM4C123GH6PM.h(924): warning: anonymous unions are a C11 extension [-Wc11-extensions]
  union {
  ^
C:/Users/Mariam PC/AppData/Local/Arm/Packs/Keil/TM4C_DFP/1.1.0/Device/Include/TM4C123/TM4C123GH6PM.h(929): warning: anonymous unions are a C11 extension [-Wc11-extensions]
  union {
  ^
C:/Users/Mariam PC/AppData/Local/Arm/Packs/Keil/TM4C_DFP/1.1.0/Device/Include/TM4C123/TM4C123GH6PM.h(936): warning: anonymous unions are a C11 extension [-Wc11-extensions]
  union {
  ^
C:/Users/Mariam PC/AppData/Local/Arm/Packs/Keil/TM4C_DFP/1.1.0/Device/Include/TM4C123/TM4C123GH6PM.h(942): warning: anonymous unions are a C11 extension [-Wc11-extensions]
  union {
  ^
C:/Users/Mariam PC/AppData/Local/Arm/Packs/Keil/TM4C_DFP/1.1.0/Device/Include/TM4C123/TM4C123GH6PM.h(949): warning: anonymous unions are a C11 extension [-Wc11-extensions]
  union {
  ^
C:/Users/Mariam PC/AppData/Local/Arm/Packs/Keil/TM4C_DFP/1.1.0/Device/Include/TM4C123/TM4C123GH6PM.h(956): warning: anonymous unions are a C11 extension [-Wc11-extensions]
  union {
  ^
C:/Users/Mariam PC/AppData/Local/Arm/Packs/Keil/TM4C_DFP/1.1.0/Device/Include/TM4C123/TM4C123GH6PM.h(961): warning: anonymous unions are a C11 extension [-Wc11-extensions]
  union {
  ^
C:/Users/Mariam PC/AppData/Local/Arm/Packs/Keil/TM4C_DFP/1.1.0/Device/Include/TM4C123/TM4C123GH6PM.h(968): warning: anonymous unions are a C11 extension [-Wc11-extensions]
  union {
  ^
C:/Users/Mariam PC/AppData/Local/Arm/Packs/Keil/TM4C_DFP/1.1.0/Device/Include/TM4C123/TM4C123GH6PM.h(974): warning: anonymous unions are a C11 extension [-Wc11-extensions]
  union {
  ^
C:/Users/Mariam PC/AppData/Local/Arm/Packs/Keil/TM4C_DFP/1.1.0/Device/Include/TM4C123/TM4C123GH6PM.h(981): warning: anonymous unions are a C11 extension [-Wc11-extensions]
  union {
  ^
C:/Users/Mariam PC/AppData/Local/Arm/Packs/Keil/TM4C_DFP/1.1.0/Device/Include/TM4C123/TM4C123GH6PM.h(988): warning: anonymous unions are a C11 extension [-Wc11-extensions]
  union {
  ^
C:/Users/Mariam PC/AppData/Local/Arm/Packs/Keil/TM4C_DFP/1.1.0/Device/Include/TM4C123/TM4C123GH6PM.h(993): warning: anonymous unions are a C11 extension [-Wc11-extensions]
  union {
  ^
C:/Users/Mariam PC/AppData/Local/Arm/Packs/Keil/TM4C_DFP/1.1.0/Device/Include/TM4C123/TM4C123GH6PM.h(1000): warning: anonymous unions are a C11 extension [-Wc11-extensions]
  union {
  ^
C:/Users/Mariam PC/AppData/Local/Arm/Packs/Keil/TM4C_DFP/1.1.0/Device/Include/TM4C123/TM4C123GH6PM.h(1006): warning: anonymous unions are a C11 extension [-Wc11-extensions]
  union {
  ^
C:/Users/Mariam PC/AppData/Local/Arm/Packs/Keil/TM4C_DFP/1.1.0/Device/Include/TM4C123/TM4C123GH6PM.h(1013): warning: anonymous unions are a C11 extension [-Wc11-extensions]
  union {
  ^
C:/Users/Mariam PC/AppData/Local/Arm/Packs/Keil/TM4C_DFP/1.1.0/Device/Include/TM4C123/TM4C123GH6PM.h(1020): warning: anonymous unions are a C11 extension [-Wc11-extensions]
  union {
  ^
C:/Users/Mariam PC/AppData/Local/Arm/Packs/Keil/TM4C_DFP/1.1.0/Device/Include/TM4C123/TM4C123GH6PM.h(1025): warning: anonymous unions are a C11 extension [-Wc11-extensions]
  union {
  ^
C:/Users/Mariam PC/AppData/Local/Arm/Packs/Keil/TM4C_DFP/1.1.0/Device/Include/TM4C123/TM4C123GH6PM.h(1032): warning: anonymous unions are a C11 extension [-Wc11-extensions]
  union {
  ^
C:/Users/Mariam PC/AppData/Local/Arm/Packs/Keil/TM4C_DFP/1.1.0/Device/Include/TM4C123/TM4C123GH6PM.h(1038): warning: anonymous unions are a C11 extension [-Wc11-extensions]
  union {
  ^
C:/Users/Mariam PC/AppData/Local/Arm/Packs/Keil/TM4C_DFP/1.1.0/Device/Include/TM4C123/TM4C123GH6PM.h(1045): warning: anonymous unions are a C11 extension [-Wc11-extensions]
  union {
  ^
C:/Users/Mariam PC/AppData/Local/Arm/Packs/Keil/TM4C_DFP/1.1.0/Device/Include/TM4C123/TM4C123GH6PM.h(1052): warning: anonymous unions are a C11 extension [-Wc11-extensions]
  union {
  ^
C:/Users/Mariam PC/AppData/Local/Arm/Packs/Keil/TM4C_DFP/1.1.0/Device/Include/TM4C123/TM4C123GH6PM.h(1057): warning: anonymous unions are a C11 extension [-Wc11-extensions]
  union {
  ^
C:/Users/Mariam PC/AppData/Local/Arm/Packs/Keil/TM4C_DFP/1.1.0/Device/Include/TM4C123/TM4C123GH6PM.h(1064): warning: anonymous unions are a C11 extension [-Wc11-extensions]
  union {
  ^
C:/Users/Mariam PC/AppData/Local/Arm/Packs/Keil/TM4C_DFP/1.1.0/Device/Include/TM4C123/TM4C123GH6PM.h(1070): warning: anonymous unions are a C11 extension [-Wc11-extensions]
  union {
  ^
C:/Users/Mariam PC/AppData/Local/Arm/Packs/Keil/TM4C_DFP/1.1.0/Device/Include/TM4C123/TM4C123GH6PM.h(1077): warning: anonymous unions are a C11 extension [-Wc11-extensions]
  union {
  ^
C:/Users/Mariam PC/AppData/Local/Arm/Packs/Keil/TM4C_DFP/1.1.0/Device/Include/TM4C123/TM4C123GH6PM.h(1084): warning: anonymous unions are a C11 extension [-Wc11-extensions]
  union {
  ^
C:/Users/Mariam PC/AppData/Local/Arm/Packs/Keil/TM4C_DFP/1.1.0/Device/Include/TM4C123/TM4C123GH6PM.h(1089): warning: anonymous unions are a C11 extension [-Wc11-extensions]
  union {
  ^
C:/Users/Mariam PC/AppData/Local/Arm/Packs/Keil/TM4C_DFP/1.1.0/Device/Include/TM4C123/TM4C123GH6PM.h(1096): warning: anonymous unions are a C11 extension [-Wc11-extensions]
  union {
  ^
C:/Users/Mariam PC/AppData/Local/Arm/Packs/Keil/TM4C_DFP/1.1.0/Device/Include/TM4C123/TM4C123GH6PM.h(1102): warning: anonymous unions are a C11 extension [-Wc11-extensions]
  union {
  ^
C:/Users/Mariam PC/AppData/Local/Arm/Packs/Keil/TM4C_DFP/1.1.0/Device/Include/TM4C123/TM4C123GH6PM.h(1251): warning: anonymous unions are a C11 extension [-Wc11-extensions]
  union {
  ^
RTE/Device/TM4C123GH6PM/system_TM4C123.c(19): warning: // comments are not allowed in this language [-Wcomment]
//-------- <<< Use Configuration Wizard in Context Menu >>> ------------------
^
45 warnings generated.
compiling system_TM4C123.c...
assembling startup_TM4C123.s...
linking...
Program Size: Code=2760 RO-data=652 RW-data=16 ZI-data=624  
".\Objects\LED_Control.axf" - 0 Error(s), 84 Warning(s).

<h2>Software Packages used:</h2>

Package Vendor: ARM
                http://www.keil.com/pack/ARM.CMSIS.5.9.0.pack
                ARM.CMSIS.5.9.0
                CMSIS (Common Microcontroller Software Interface Standard)
   * Component: CORE Version: 5.6.0

Package Vendor: Keil
                http://www.keil.com/pack/Keil.TM4C_DFP.1.1.0.pack
                Keil.TM4C_DFP.1.1.0
                Texas Instruments Tiva C Series Device Support and Examples
   * Component: Startup Version: 1.0.1

<h2>Collection of Component include folders:</h2>
  ./RTE/_COTS_Folder
  C:/Users/Mariam PC/AppData/Local/Arm/Packs/ARM/CMSIS/5.9.0/CMSIS/Core/Include
  C:/Users/Mariam PC/AppData/Local/Arm/Packs/Keil/TM4C_DFP/1.1.0/Device/Include/TM4C123

<h2>Collection of Component Files used:</h2>

   * Component: ARM::CMSIS:CORE:5.6.0

   * Component: Keil::Device:Startup:1.0.1
      Include file:  Device/Include/TM4C123/TM4C123.h
      Source file:   Device/Source/system_TM4C123.c
      Source file:   Device/Source/ARM/startup_TM4C123.s
Build Time Elapsed:  00:00:08
</pre>
</body>
</html>
